******************************************************************************
                  TI ARM Linker PC v20.2.5                     
******************************************************************************
>> Linked Sun Mar 20 15:09:58 2022

OUTPUT FILE NAME:   <Lab13_Timers.out>
ENTRY POINT SYMBOL: "_c_int00_noargs"  address: 0000164d


MEMORY CONFIGURATION

         name            origin    length      used     unused   attr    fill
----------------------  --------  ---------  --------  --------  ----  --------
  MAIN                  00000000   00040000  0000172e  0003e8d2  R  X
  INFO                  00200000   00004000  00000000  00004000  R  X
  SRAM_CODE             01000000   00010000  00000232  0000fdce  RW X
  SRAM_DATA             20000000   00010000  00000232  0000fdce  RW  


SEGMENT ALLOCATION MAP

run origin  load origin   length   init length attrs members
----------  ----------- ---------- ----------- ----- -------
00000000    00000000    00001730   00001730    r-x
  00000000    00000000    000000e4   000000e4    r-- .intvecs
  000000e4    000000e4    00001612   00001612    r-x .text
  000016f8    000016f8    00000038   00000038    r-- .cinit
20000000    20000000    00000035   00000000    rw-
  20000000    20000000    00000029   00000000    rw- .data
  2000002c    2000002c    00000009   00000000    rw- .bss
2000fe00    2000fe00    00000200   00000000    rw-
  2000fe00    2000fe00    00000200   00000000    rw- .stack


SECTION ALLOCATION MAP

 output                                  attributes/
section   page    origin      length       input sections
--------  ----  ----------  ----------   ----------------
.intvecs   0    00000000    000000e4     
                  00000000    000000e4     startup_msp432p401r_ccs.obj (.intvecs:retain)

.text      0    000000e4    00001612     
                  000000e4    000006c8     TExaS.obj (.text)
                  000007ac    00000408     PWM.obj (.text)
                  00000bb4    0000032c     system_msp432p401r.obj (.text)
                  00000ee0    000001f0     Motor.obj (.text)
                  000010d0    000001e0     Clock.obj (.text)
                  000012b0    000000f8     Lab13_Timersmain.obj (.text)
                  000013a8    000000f8     LaunchPad.obj (.text)
                  000014a0    0000009c     rtsv7M4_T_le_v4SPD16_eabi.lib : memcpy_t2.asm.obj (.text)
                  0000153c    00000068                                   : copy_decompress_lzss.c.obj (.text:decompress:lzss:__TI_decompress_lzss)
                  000015a4    00000064     Bump.obj (.text)
                  00001608    00000044     rtsv7M4_T_le_v4SPD16_eabi.lib : autoinit.c.obj (.text:__TI_auto_init_nobinit_nopinit:__TI_auto_init_nobinit_nopinit)
                  0000164c    00000034                                   : boot_cortex_m.c.obj (.text:_c_int00_noargs:_c_int00_noargs)
                  00001680    00000024     CortexM.obj (.text)
                  000016a4    0000001c     rtsv7M4_T_le_v4SPD16_eabi.lib : copy_zero_init.c.obj (.text:decompress:ZI:__TI_zero_init_nomemset:__TI_zero_init_nomemset)
                  000016c0    00000012     TimerA1.obj (.text)
                  000016d2    0000000e     rtsv7M4_T_le_v4SPD16_eabi.lib : copy_decompress_none.c.obj (.text:decompress:none:__TI_decompress_none)
                  000016e0    0000000e     startup_msp432p401r_ccs.obj (.text)
                  000016ee    00000004     rtsv7M4_T_le_v4SPD16_eabi.lib : pre_init.c.obj (.text:_system_pre_init)
                  000016f2    00000004                                   : exit.c.obj (.text:abort:abort)

.cinit     0    000016f8    00000038     
                  000016f8    0000000d     (.cinit..data.load) [load image, compression = lzss]
                  00001705    00000003     --HOLE-- [fill = 0]
                  00001708    0000000c     (__TI_handler_table)
                  00001714    00000004     --HOLE-- [fill = 0]
                  00001718    00000008     (.cinit..bss.load) [load image, compression = zero_init]
                  00001720    00000010     (__TI_cinit_table)

.init_array 
*          0    00000000    00000000     UNINITIALIZED

.binit     0    00000000    00000000     

.data      0    20000000    00000029     UNINITIALIZED
                  20000000    00000018     Clock.obj (.data)
                  20000018    0000000c     TExaS.obj (.data)
                  20000024    00000004     system_msp432p401r.obj (.data)
                  20000028    00000001     Motor.obj (.data)

.bss       0    2000002c    00000009     UNINITIALIZED
                  2000002c    00000004     (.common:PeriodicTask2)
                  20000030    00000004     (.common:Time)
                  20000034    00000001     (.common:LogicData)

.stack     0    2000fe00    00000200     UNINITIALIZED
                  2000fe00    00000004     rtsv7M4_T_le_v4SPD16_eabi.lib : boot_cortex_m.c.obj (.stack)
                  2000fe04    000001fc     --HOLE--

__llvm_prf_cnts 
*          0    20000000    00000000     UNINITIALIZED

MODULE SUMMARY

       Module                        code   ro data   rw data
       ------                        ----   -------   -------
    .\
       TExaS.obj                     1736   0         34     
       PWM.obj                       1032   0         0      
       system_msp432p401r.obj        812    0         8      
       Clock.obj                     480    0         48     
       Motor.obj                     496    0         2      
       Lab13_Timersmain.obj          248    0         8      
       LaunchPad.obj                 248    0         0      
       startup_msp432p401r_ccs.obj   14     228       0      
       Bump.obj                      100    0         0      
       CortexM.obj                   36     0         0      
       TimerA1.obj                   18     0         0      
    +--+-----------------------------+------+---------+---------+
       Total:                        5220   228       100    
                                                             
    C:\ti\ccs1110\ccs\tools\compiler\ti-cgt-arm_20.2.5.LTS\lib\rtsv7M4_T_le_v4SPD16_eabi.lib
       memcpy_t2.asm.obj             156    0         0      
       copy_decompress_lzss.c.obj    104    0         0      
       autoinit.c.obj                68     0         0      
       boot_cortex_m.c.obj           52     0         0      
       copy_zero_init.c.obj          28     0         0      
       copy_decompress_none.c.obj    14     0         0      
       exit.c.obj                    4      0         0      
       pre_init.c.obj                4      0         0      
    +--+-----------------------------+------+---------+---------+
       Total:                        430    0         0      
                                                             
       Stack:                        0      0         1024   
       Linker Generated:             0      49        0      
    +--+-----------------------------+------+---------+---------+
       Grand Total:                  5650   277       1124   


LINKER GENERATED COPY TABLES

__TI_cinit_table @ 00001720 records: 2, size/record: 8, table size: 16
	.data: load addr=000016f8, load size=0000000d bytes, run addr=20000000, run size=00000029 bytes, compression=lzss
	.bss: load addr=00001718, load size=00000008 bytes, run addr=2000002c, run size=00000009 bytes, compression=zero_init


LINKER GENERATED HANDLER TABLE

__TI_handler_table @ 00001708 records: 3, size/record: 4, table size: 12
	index: 0, handler: __TI_decompress_lzss
	index: 1, handler: __TI_decompress_none
	index: 2, handler: __TI_zero_init


GLOBAL SYMBOLS: SORTED ALPHABETICALLY BY Name 

address   name                                   
-------   ----                                   
000016ed  ADC14_IRQHandler                       
000004f1  ADC_Init                               
000016ed  AES256_IRQHandler                      
000015a5  Bump_Init                              
000015d9  Bump_Read                              
000016ed  BusFault_Handler                       
000016f3  C$$EXIT                                
000016ed  COMP_E0_IRQHandler                     
000016ed  COMP_E1_IRQHandler                     
20000008  CPMwait                                
000016ed  CS_IRQHandler                          
20000000  ClockFrequency                         
00001225  Clock_Delay1ms                         
000011fb  Clock_Delay1us                         
000011e7  Clock_GetFreq                          
000010d1  Clock_Init48MHz                        
20000028  Command                                
20000014  Crystalstable                          
000016ed  DMA_ERR_IRQHandler                     
000016ed  DMA_INT0_IRQHandler                    
000016ed  DMA_INT1_IRQHandler                    
000016ed  DMA_INT2_IRQHandler                    
000016ed  DMA_INT3_IRQHandler                    
000016ed  DebugMon_Handler                       
000016ed  Default_Handler                        
00001681  DisableInterrupts                      
000016ed  EUSCIA0_IRQHandler                     
000016ed  EUSCIA1_IRQHandler                     
000016ed  EUSCIA2_IRQHandler                     
000016ed  EUSCIA3_IRQHandler                     
000016ed  EUSCIB0_IRQHandler                     
000016ed  EUSCIB1_IRQHandler                     
000016ed  EUSCIB2_IRQHandler                     
000016ed  EUSCIB3_IRQHandler                     
00001687  EnableInterrupts                       
00001697  EndCritical                            
000016ed  FLCTL_IRQHandler                       
000016ed  FPU_IRQHandler                         
000016ed  HardFault_Handler                      
20000010  IFlags                                 
000013a9  LaunchPad_Init                         
00001419  LaunchPad_Input                        
00001437  LaunchPad_LED                          
00001455  LaunchPad_Output                       
000000e5  LogicAnalyzer                          
000000ef  LogicAnalyzer_P1                       
000001c5  LogicAnalyzer_P10                      
000000fd  LogicAnalyzer_P2                       
000001d3  LogicAnalyzer_P27_P26_P82_P92_P104_P105
0000010b  LogicAnalyzer_P2_7654                  
0000011b  LogicAnalyzer_P3                       
00000129  LogicAnalyzer_P4                       
00000147  LogicAnalyzer_P4_765320                
00000137  LogicAnalyzer_P4_765432                
0000017f  LogicAnalyzer_P5                       
0000020b  LogicAnalyzer_P55_P54_P27_P26_P37_P36  
0000018d  LogicAnalyzer_P6                       
0000019b  LogicAnalyzer_P7                       
000001a9  LogicAnalyzer_P8                       
000001b7  LogicAnalyzer_P9                       
20000034  LogicData                              
000016ed  MemManage_Handler                      
0000105d  Motor_Backward                         
00000f9b  Motor_Forward                          
00000f07  Motor_Init                             
00001019  Motor_Left                             
00000fd5  Motor_Right                            
00000f6d  Motor_Stop                             
000016ed  NMI_Handler                            
000016ed  PCM_IRQHandler                         
000016ed  PORT1_IRQHandler                       
000016ed  PORT2_IRQHandler                       
000016ed  PORT3_IRQHandler                       
000016ed  PORT4_IRQHandler                       
000016ed  PORT5_IRQHandler                       
000016ed  PORT6_IRQHandler                       
000016ed  PSS_IRQHandler                         
00000897  PWM_Duty1                              
000008b7  PWM_Duty2                              
00000943  PWM_Duty3                              
00000963  PWM_Duty4                              
000007ad  PWM_Init1                              
00000813  PWM_Init12                             
000008d7  PWM_Init34                             
00000aab  PWM_RobotArmDuty0                      
00000ad1  PWM_RobotArmDuty1                      
00000af7  PWM_RobotArmDuty2                      
00000acb  PWM_RobotArmGetDuty0                   
00000af1  PWM_RobotArmGetDuty1                   
00000b17  PWM_RobotArmGetDuty2                   
00000983  PWM_RobotArmInit                       
000016ed  PendSV_Handler                         
2000002c  PeriodicTask2                          
000002b9  PeriodicTask2_Init                     
00000333  PeriodicTask2_Stop                     
2000000c  Postwait                               
20000004  Prewait                                
000012d1  Program13_1                            
0000136b  Program13_2                            
000016ed  RTC_C_IRQHandler                       
00000ee1  Read_Command                           
000016e1  Reset_Handler                          
000016ed  SVC_Handler                            
00000235  Scope                                  
0000168d  StartCritical                          
000016ed  SysTick_Handler                        
20000024  SystemCoreClock                        
00000bb5  SystemCoreClockUpdate                  
00000e29  SystemInit                             
00000323  T32_INT1_IRQHandler                    
00000323  T32_INT1_IRQHandler                    
000016ed  T32_INT2_IRQHandler                    
000016ed  T32_INTC_IRQHandler                    
000016ed  TA0_0_IRQHandler                       
000016ed  TA0_N_IRQHandler                       
000016d1  TA1_0_IRQHandler                       
000016d1  TA1_0_IRQHandler                       
000016ed  TA1_N_IRQHandler                       
000016ed  TA2_0_IRQHandler                       
000016ed  TA2_N_IRQHandler                       
000016ed  TA3_0_IRQHandler                       
000016ed  TA3_N_IRQHandler                       
00000485  TExaS_Clear0                           
00000491  TExaS_Clear1                           
000004a5  TExaS_Clear2                           
000004b1  TExaS_Clear3                           
000004bd  TExaS_Clear4                           
000004bf  TExaS_Clear5                           
000004cb  TExaS_Clear6                           
000005b5  TExaS_Init                             
2000001c  TExaS_ScopeErrConflict                 
20000018  TExaS_ScopeErrLostData                 
20000020  TExaS_ScopeWrnReconfig                 
00000413  TExaS_Set                              
0000042b  TExaS_Set0                             
00000437  TExaS_Set1                             
00000443  TExaS_Set2                             
0000044f  TExaS_Set3                             
0000045b  TExaS_Set4                             
0000045d  TExaS_Set5                             
00000475  TExaS_Set6                             
00000741  TExaS_Stop                             
000003c9  TExaS_Task0                            
000003d5  TExaS_Task1                            
000003e1  TExaS_Task2                            
000003ed  TExaS_Task3                            
000003f9  TExaS_Task4                            
000003fb  TExaS_Task5                            
00000407  TExaS_Task6                            
00001341  Task                                   
20000030  Time                                   
000012b1  TimedPause                             
000016c1  TimerA1_Init                           
000016cf  TimerA1_Stop                           
0000039d  UART_InChar                            
00000343  UART_Init                              
000003ad  UART_OutChar                           
000016ed  UsageFault_Handler                     
4000480c  WDTCTL_SYM                             
000016ed  WDT_A_IRQHandler                       
0000169f  WaitForInterrupt                       
20010000  __STACK_END                            
00000200  __STACK_SIZE                           
00001720  __TI_CINIT_Base                        
00001730  __TI_CINIT_Limit                       
00001708  __TI_Handler_Table_Base                
00001714  __TI_Handler_Table_Limit               
00001609  __TI_auto_init_nobinit_nopinit         
0000153d  __TI_decompress_lzss                   
000016d3  __TI_decompress_none                   
ffffffff  __TI_pprof_out_hndl                    
ffffffff  __TI_prof_data_size                    
ffffffff  __TI_prof_data_start                   
00000000  __TI_static_base__                     
000016a5  __TI_zero_init_nomemset                
000014a1  __aeabi_memcpy                         
000014a1  __aeabi_memcpy4                        
000014a1  __aeabi_memcpy8                        
ffffffff  __binit__                              
ffffffff  __c_args__                             
UNDEFED   __mpu_init                             
2000fe00  __stack                                
20000000  __start___llvm_prf_cnts                
20000000  __stop___llvm_prf_cnts                 
0000164d  _c_int00_noargs                        
UNDEFED   _system_post_cinit                     
000016ef  _system_pre_init                       
000016f3  abort                                  
ffffffff  binit                                  
000011ed  delay                                  
00000000  interruptVectors                       
0000138f  main                                   
000014a1  memcpy                                 


GLOBAL SYMBOLS: SORTED BY Symbol Address 

address   name                                   
-------   ----                                   
00000000  __TI_static_base__                     
00000000  interruptVectors                       
000000e5  LogicAnalyzer                          
000000ef  LogicAnalyzer_P1                       
000000fd  LogicAnalyzer_P2                       
0000010b  LogicAnalyzer_P2_7654                  
0000011b  LogicAnalyzer_P3                       
00000129  LogicAnalyzer_P4                       
00000137  LogicAnalyzer_P4_765432                
00000147  LogicAnalyzer_P4_765320                
0000017f  LogicAnalyzer_P5                       
0000018d  LogicAnalyzer_P6                       
0000019b  LogicAnalyzer_P7                       
000001a9  LogicAnalyzer_P8                       
000001b7  LogicAnalyzer_P9                       
000001c5  LogicAnalyzer_P10                      
000001d3  LogicAnalyzer_P27_P26_P82_P92_P104_P105
00000200  __STACK_SIZE                           
0000020b  LogicAnalyzer_P55_P54_P27_P26_P37_P36  
00000235  Scope                                  
000002b9  PeriodicTask2_Init                     
00000323  T32_INT1_IRQHandler                    
00000323  T32_INT1_IRQHandler                    
00000333  PeriodicTask2_Stop                     
00000343  UART_Init                              
0000039d  UART_InChar                            
000003ad  UART_OutChar                           
000003c9  TExaS_Task0                            
000003d5  TExaS_Task1                            
000003e1  TExaS_Task2                            
000003ed  TExaS_Task3                            
000003f9  TExaS_Task4                            
000003fb  TExaS_Task5                            
00000407  TExaS_Task6                            
00000413  TExaS_Set                              
0000042b  TExaS_Set0                             
00000437  TExaS_Set1                             
00000443  TExaS_Set2                             
0000044f  TExaS_Set3                             
0000045b  TExaS_Set4                             
0000045d  TExaS_Set5                             
00000475  TExaS_Set6                             
00000485  TExaS_Clear0                           
00000491  TExaS_Clear1                           
000004a5  TExaS_Clear2                           
000004b1  TExaS_Clear3                           
000004bd  TExaS_Clear4                           
000004bf  TExaS_Clear5                           
000004cb  TExaS_Clear6                           
000004f1  ADC_Init                               
000005b5  TExaS_Init                             
00000741  TExaS_Stop                             
000007ad  PWM_Init1                              
00000813  PWM_Init12                             
00000897  PWM_Duty1                              
000008b7  PWM_Duty2                              
000008d7  PWM_Init34                             
00000943  PWM_Duty3                              
00000963  PWM_Duty4                              
00000983  PWM_RobotArmInit                       
00000aab  PWM_RobotArmDuty0                      
00000acb  PWM_RobotArmGetDuty0                   
00000ad1  PWM_RobotArmDuty1                      
00000af1  PWM_RobotArmGetDuty1                   
00000af7  PWM_RobotArmDuty2                      
00000b17  PWM_RobotArmGetDuty2                   
00000bb5  SystemCoreClockUpdate                  
00000e29  SystemInit                             
00000ee1  Read_Command                           
00000f07  Motor_Init                             
00000f6d  Motor_Stop                             
00000f9b  Motor_Forward                          
00000fd5  Motor_Right                            
00001019  Motor_Left                             
0000105d  Motor_Backward                         
000010d1  Clock_Init48MHz                        
000011e7  Clock_GetFreq                          
000011ed  delay                                  
000011fb  Clock_Delay1us                         
00001225  Clock_Delay1ms                         
000012b1  TimedPause                             
000012d1  Program13_1                            
00001341  Task                                   
0000136b  Program13_2                            
0000138f  main                                   
000013a9  LaunchPad_Init                         
00001419  LaunchPad_Input                        
00001437  LaunchPad_LED                          
00001455  LaunchPad_Output                       
000014a1  __aeabi_memcpy                         
000014a1  __aeabi_memcpy4                        
000014a1  __aeabi_memcpy8                        
000014a1  memcpy                                 
0000153d  __TI_decompress_lzss                   
000015a5  Bump_Init                              
000015d9  Bump_Read                              
00001609  __TI_auto_init_nobinit_nopinit         
0000164d  _c_int00_noargs                        
00001681  DisableInterrupts                      
00001687  EnableInterrupts                       
0000168d  StartCritical                          
00001697  EndCritical                            
0000169f  WaitForInterrupt                       
000016a5  __TI_zero_init_nomemset                
000016c1  TimerA1_Init                           
000016cf  TimerA1_Stop                           
000016d1  TA1_0_IRQHandler                       
000016d1  TA1_0_IRQHandler                       
000016d3  __TI_decompress_none                   
000016e1  Reset_Handler                          
000016ed  ADC14_IRQHandler                       
000016ed  AES256_IRQHandler                      
000016ed  BusFault_Handler                       
000016ed  COMP_E0_IRQHandler                     
000016ed  COMP_E1_IRQHandler                     
000016ed  CS_IRQHandler                          
000016ed  DMA_ERR_IRQHandler                     
000016ed  DMA_INT0_IRQHandler                    
000016ed  DMA_INT1_IRQHandler                    
000016ed  DMA_INT2_IRQHandler                    
000016ed  DMA_INT3_IRQHandler                    
000016ed  DebugMon_Handler                       
000016ed  Default_Handler                        
000016ed  EUSCIA0_IRQHandler                     
000016ed  EUSCIA1_IRQHandler                     
000016ed  EUSCIA2_IRQHandler                     
000016ed  EUSCIA3_IRQHandler                     
000016ed  EUSCIB0_IRQHandler                     
000016ed  EUSCIB1_IRQHandler                     
000016ed  EUSCIB2_IRQHandler                     
000016ed  EUSCIB3_IRQHandler                     
000016ed  FLCTL_IRQHandler                       
000016ed  FPU_IRQHandler                         
000016ed  HardFault_Handler                      
000016ed  MemManage_Handler                      
000016ed  NMI_Handler                            
000016ed  PCM_IRQHandler                         
000016ed  PORT1_IRQHandler                       
000016ed  PORT2_IRQHandler                       
000016ed  PORT3_IRQHandler                       
000016ed  PORT4_IRQHandler                       
000016ed  PORT5_IRQHandler                       
000016ed  PORT6_IRQHandler                       
000016ed  PSS_IRQHandler                         
000016ed  PendSV_Handler                         
000016ed  RTC_C_IRQHandler                       
000016ed  SVC_Handler                            
000016ed  SysTick_Handler                        
000016ed  T32_INT2_IRQHandler                    
000016ed  T32_INTC_IRQHandler                    
000016ed  TA0_0_IRQHandler                       
000016ed  TA0_N_IRQHandler                       
000016ed  TA1_N_IRQHandler                       
000016ed  TA2_0_IRQHandler                       
000016ed  TA2_N_IRQHandler                       
000016ed  TA3_0_IRQHandler                       
000016ed  TA3_N_IRQHandler                       
000016ed  UsageFault_Handler                     
000016ed  WDT_A_IRQHandler                       
000016ef  _system_pre_init                       
000016f3  C$$EXIT                                
000016f3  abort                                  
00001708  __TI_Handler_Table_Base                
00001714  __TI_Handler_Table_Limit               
00001720  __TI_CINIT_Base                        
00001730  __TI_CINIT_Limit                       
20000000  ClockFrequency                         
20000000  __start___llvm_prf_cnts                
20000000  __stop___llvm_prf_cnts                 
20000004  Prewait                                
20000008  CPMwait                                
2000000c  Postwait                               
20000010  IFlags                                 
20000014  Crystalstable                          
20000018  TExaS_ScopeErrLostData                 
2000001c  TExaS_ScopeErrConflict                 
20000020  TExaS_ScopeWrnReconfig                 
20000024  SystemCoreClock                        
20000028  Command                                
2000002c  PeriodicTask2                          
20000030  Time                                   
20000034  LogicData                              
2000fe00  __stack                                
20010000  __STACK_END                            
4000480c  WDTCTL_SYM                             
ffffffff  __TI_pprof_out_hndl                    
ffffffff  __TI_prof_data_size                    
ffffffff  __TI_prof_data_start                   
ffffffff  __binit__                              
ffffffff  __c_args__                             
ffffffff  binit                                  
UNDEFED   __mpu_init                             
UNDEFED   _system_post_cinit                     

[193 symbols]
